[1/83] Core.Algebra.fst  ok (0.4s)
[2/83] Core.Permutation.fsti  ok (0.4s)
[3/83] Core.Algebra.Int.fst  ok (0.4s)
[4/83] Core.Algebra.Notation.fst  ok (0.4s)
[5/83] Core.Algebra.Combinators.fst  ok (0.4s)
[6/83] Core.Algebra.Helpers.fst  ok (0.4s)
[7/83] Core.Tactics.CanonRing.fst  ok (0.7s)
[8/83] Core.Algebra.Divisibility.fst  ok (0.7s)
[9/83] Core.Algebra.NotationTest.fst  ok (0.4s)
[10/83] Core.Algebra.Test.fst  ok (0.4s)
[11/83] Core.Field.Fp.fst  ok (0.5s)
[12/83] Core.Polynomial.fst  ok (0.5s)
[13/83] Core.AlgebraicConstant.fsti  ok (0.9s)
[14/83] Core.Polynomial.Div.fsti  ok (0.5s)
[15/83] Core.Polynomial.Unique.fsti  ok (0.6s)
[16/83] Core.AlgebraicConstant.fst  ok (0.8s)
[17/83] Core.Derivation.fsti  ok (0.6s)
[18/83] Core.Polynomial.Derivative.fsti  ok (0.5s)
[19/83] Core.Derivation.fst  ok (0.6s)
[20/83] Core.FinSum.fsti  ok (0.4s)
[21/83] Core.FinSum.Convolution.fst  ok (0.5s)
[22/83] Core.FinSum.fst  ok (0.5s)
[23/83] Core.Fractions.fsti  ok (0.4s)
[24/83] Core.Fractions.fst  ok (0.7s)
[25/83] Core.Vector.fsti  ok (0.5s)
[26/83] Core.Matrix.fsti  ok (0.5s)
[27/83] Core.Permutation.Enum.fsti  ok (0.5s)
[28/83] Core.Permutation.Sum.fsti  ok (0.5s)
[29/83] Core.Matrix.Determinant.fsti  ok (0.7s)
[30/83] Core.Matrix.Ring.fst  ok (0.5s)
[31/83] Core.Matrix.Adjugate.fst  ok (0.8s)
[32/83] Core.Matrix.MultiDistrib.fst  ok (0.7s)
[33/83] Core.Matrix.Determinant.Mul.fsti  ok (0.8s)
[34/83] Core.Matrix.NullVec.fst  ok (0.8s)
[35/83] Core.Matrix.Sylvester.fst  ok (0.6s)
[36/83] Core.Polynomial.GCD.fsti  ok (0.8s)
[37/83] Core.Polynomial.SquareFree.fst  ok (0.8s)
[38/83] Core.Polynomial.Coeff.fsti  ok (0.6s)
[39/83] Core.Matrix.Resultant.fst  ok (1s)
[40/83] Core.Risch.LRT.fst  ok (1s)
[41/83] Core.Polynomial.Irreducible.fst  ok (0.9s)
[42/83] Core.Polynomial.PPInvariant.fst  ok (0.9s)
[43/83] Core.Polynomial.Factorization.fst  ok (0.9s)
[44/83] Core.Tactics.CanonCommGroup.fst  ok (0.7s)
[45/83] Core.Vector.fst  ok (0.5s)
[46/83] Core.Matrix.KernelDet.fst  ok (0.8s)
[47/83] Core.Polynomial.Tests.fst  ok (0.8s)
[48/83] Core.Polynomial.GCD.fst  ok (0.8s)
[49/83] Core.Polynomial.PartialFraction.fst  ok (0.8s)
[50/83] Core.Permutation.fst  ok (0.4s)
[51/83] Core.Risch.Hermite.fst  ok (0.9s)
[52/83] Core.Polynomial.Coeff.fst  ok (0.6s)
[53/83] Core.Matrix.Determinant.Mul.fst  ok (0.8s)
[54/83] Core.Risch.Rational.fst  ok (1s)
[55/83] Core.Polynomial.Eval.fst  ok (0.8s)
[56/83] Core.Polynomial.Div.fst  ok (0.6s)
[57/83] Core.Polynomial.Subst.fst  ok (0.8s)
[58/83] Core.Polynomial.Unique.fst  ok (0.8s)
[59/83] Core.Polynomial.Derivative.fst  ok (0.6s)
[60/83] Core.RationalDeriv.fst  ok (0.6s)
[61/83] Core.Permutation.Sum.fst  ok (0.5s)
[62/83] Core.Permutation.Enum.fst  ok (0.5s)
[63/83] Core.Matrix.fst  ok (0.5s)
[64/83] Core.Matrix.Determinant.fst  ok (0.8s)
[65/83] Core.Matrix.Triangular.fst  ok (0.7s)
[66/83] Core.AlgebraicConstant.Field.fst  ok (1s)
[67/83] Core.Polynomial.Root.fst  ok (1s)
[68/83] Core.Polynomial.Product.fst  ok (1s)
[69/83] Core.Polynomial.Split.fst  ok (1s)
[70/83] Core.Polynomial.CRT.fst  ok (0.8s)
[71/83] Core.Matrix.ResultantLinear.fst  ok (1.1s)
[72/83] Core.Matrix.ResultantMul.fst  ok (0.6s)
[73/83] Core.Matrix.ResultantPeel.fst  ok (1.2s)
[74/83] Core.Matrix.ResultantPoisson.fst  ok (1.2s)
[75/83] Core.Field.Berlekamp.fst  ok (1.1s)
[76/83] Core.NatBinomial.fst  ok (0.7s)
[77/83] Core.Algebra.Power.fst  ok (0.9s)
[78/83] Core.Algebra.Frobenius.fst  ok (0.9s)
[79/83] Core.Field.Frobenius.fst  ok (0.9s)
[80/83] Core.Field.BerlekampFrobenius.fst  ok (1.3s)
[81/83] Core.Field.FpEnum.fst  ok (1.3s)
[82/83] Core.Field.BerlekampSplit.fst  ok (1.3s)
[83/83] Core.Field.BerlekampSplitCorrect.fst  ok (1.3s)

ALL GREEN: 83 modules verified in 59.9s.
